
  .   ____          _            __ _ _
 /\\ / ___'_ __ _ _(_)_ __  __ _ \ \ \ \
( ( )\___ | '_ | '_| | '_ \/ _` | \ \ \ \
 \\/  ___)| |_)| | | | | || (_| |  ) ) ) )
  '  |____| .__|_| |_|_| |_\__, | / / / /
 =========|_|==============|___/=/_/_/_/

 :: Spring Boot ::                (v3.5.5)

2025-10-15T21:28:00.357+07:00  INFO 77071 --- [331-backend] [           main] c.e.d.Demo331BacnkendApplication         : Starting Demo331BacnkendApplication v0.0.1-SNAPSHOT using Java 17.0.15 with PID 77071 (/Users/ury/se331_lab12_backend_1009/target/demo-331-bacnkend-0.0.1-SNAPSHOT.jar started by ury in /Users/ury/se331_lab12_backend_1009)
2025-10-15T21:28:00.358+07:00  INFO 77071 --- [331-backend] [           main] c.e.d.Demo331BacnkendApplication         : The following 1 profile is active: "db"
2025-10-15T21:28:00.650+07:00  INFO 77071 --- [331-backend] [           main] .s.d.r.c.RepositoryConfigurationDelegate : Bootstrapping Spring Data JPA repositories in DEFAULT mode.
2025-10-15T21:28:00.684+07:00  INFO 77071 --- [331-backend] [           main] .s.d.r.c.RepositoryConfigurationDelegate : Finished Spring Data repository scanning in 27 ms. Found 5 JPA repository interfaces.
2025-10-15T21:28:01.105+07:00  INFO 77071 --- [331-backend] [           main] o.s.b.w.embedded.tomcat.TomcatWebServer  : Tomcat initialized with port 8080 (http)
2025-10-15T21:28:01.115+07:00  INFO 77071 --- [331-backend] [           main] o.apache.catalina.core.StandardService   : Starting service [Tomcat]
2025-10-15T21:28:01.115+07:00  INFO 77071 --- [331-backend] [           main] o.apache.catalina.core.StandardEngine    : Starting Servlet engine: [Apache Tomcat/10.1.44]
2025-10-15T21:28:01.136+07:00  INFO 77071 --- [331-backend] [           main] o.a.c.c.C.[Tomcat].[localhost].[/]       : Initializing Spring embedded WebApplicationContext
2025-10-15T21:28:01.137+07:00  INFO 77071 --- [331-backend] [           main] w.s.c.ServletWebServerApplicationContext : Root WebApplicationContext: initialization completed in 754 ms
2025-10-15T21:28:01.215+07:00  INFO 77071 --- [331-backend] [           main] o.hibernate.jpa.internal.util.LogHelper  : HHH000204: Processing PersistenceUnitInfo [name: default]
2025-10-15T21:28:01.245+07:00  INFO 77071 --- [331-backend] [           main] org.hibernate.Version                    : HHH000412: Hibernate ORM core version 6.6.26.Final
2025-10-15T21:28:01.269+07:00  INFO 77071 --- [331-backend] [           main] o.h.c.internal.RegionFactoryInitiator    : HHH000026: Second-level cache disabled
2025-10-15T21:28:01.416+07:00  INFO 77071 --- [331-backend] [           main] o.s.o.j.p.SpringPersistenceUnitInfo      : No LoadTimeWeaver setup: ignoring JPA class transformer
2025-10-15T21:28:01.434+07:00  INFO 77071 --- [331-backend] [           main] com.zaxxer.hikari.HikariDataSource       : HikariPool-1 - Starting...
2025-10-15T21:28:01.538+07:00  INFO 77071 --- [331-backend] [           main] com.zaxxer.hikari.pool.HikariPool        : HikariPool-1 - Added connection com.mysql.cj.jdbc.ConnectionImpl@100eeedc
2025-10-15T21:28:01.539+07:00  INFO 77071 --- [331-backend] [           main] com.zaxxer.hikari.HikariDataSource       : HikariPool-1 - Start completed.
2025-10-15T21:28:01.568+07:00  WARN 77071 --- [331-backend] [           main] org.hibernate.orm.deprecation            : HHH90000025: MySQLDialect does not need to be specified explicitly using 'hibernate.dialect' (remove the property setting and it will be selected by default)
2025-10-15T21:28:01.580+07:00  INFO 77071 --- [331-backend] [           main] org.hibernate.orm.connections.pooling    : HHH10001005: Database info:
	Database JDBC URL [Connecting through datasource 'HikariDataSource (HikariPool-1)']
	Database driver: undefined/unknown
	Database version: 8.0.43
	Autocommit mode: undefined/unknown
	Isolation level: undefined/unknown
	Minimum pool size: undefined/unknown
	Maximum pool size: undefined/unknown
2025-10-15T21:28:02.217+07:00  INFO 77071 --- [331-backend] [           main] o.h.e.t.j.p.i.JtaPlatformInitiator       : HHH000489: No JTA platform available (set 'hibernate.transaction.jta.platform' to enable JTA platform integration)
2025-10-15T21:28:02.481+07:00  INFO 77071 --- [331-backend] [           main] j.LocalContainerEntityManagerFactoryBean : Initialized JPA EntityManagerFactory for persistence unit 'default'
2025-10-15T21:28:02.714+07:00  INFO 77071 --- [331-backend] [           main] o.s.d.j.r.query.QueryEnhancerFactory     : Hibernate is in classpath; If applicable, HQL parser will be used.
2025-10-15T21:28:03.095+07:00 DEBUG 77071 --- [331-backend] [           main] s.l.r.s.config.JwtAuthenticationFilter   : Filter 'jwtAuthenticationFilter' configured for use
2025-10-15T21:28:03.141+07:00  INFO 77071 --- [331-backend] [           main] c.e.d.util.CloudStorageHelper            : Initializing Firebase Storage with project: se331lab10
2025-10-15T21:28:03.212+07:00  INFO 77071 --- [331-backend] [           main] c.e.d.util.CloudStorageHelper            : ✅ Firebase Storage initialized successfully!
2025-10-15T21:28:03.213+07:00  INFO 77071 --- [331-backend] [           main] c.e.d.util.CloudStorageHelper            :    Project ID: se331lab10
2025-10-15T21:28:03.213+07:00  INFO 77071 --- [331-backend] [           main] c.e.d.util.CloudStorageHelper            :    Default Bucket: se331lab10.appspot.com
2025-10-15T21:28:03.242+07:00  INFO 77071 --- [331-backend] [           main] eAuthenticationProviderManagerConfigurer : Global AuthenticationManager configured with AuthenticationProvider bean with name authenticationProvider
2025-10-15T21:28:03.242+07:00  WARN 77071 --- [331-backend] [           main] r$InitializeUserDetailsManagerConfigurer : Global AuthenticationManager configured with an AuthenticationProvider bean. UserDetailsService beans will not be used by Spring Security for automatically configuring username/password login. Consider removing the AuthenticationProvider bean. Alternatively, consider using the UserDetailsService in a manually instantiated DaoAuthenticationProvider. If the current configuration is intentional, to turn off this warning, increase the logging level of 'org.springframework.security.config.annotation.authentication.configuration.InitializeUserDetailsBeanManagerConfigurer' to ERROR
2025-10-15T21:28:03.273+07:00  WARN 77071 --- [331-backend] [           main] JpaBaseConfiguration$JpaWebConfiguration : spring.jpa.open-in-view is enabled by default. Therefore, database queries may be performed during view rendering. Explicitly configure spring.jpa.open-in-view to disable this warning
2025-10-15T21:28:03.429+07:00 DEBUG 77071 --- [331-backend] [           main] o.s.s.web.DefaultSecurityFilterChain     : Will secure any request with filters: DisableEncodeUrlFilter, WebAsyncManagerIntegrationFilter, SecurityContextHolderFilter, HeaderWriterFilter, CorsFilter, LogoutFilter, JwtAuthenticationFilter, RequestCacheAwareFilter, SecurityContextHolderAwareRequestFilter, AnonymousAuthenticationFilter, SessionManagementFilter, ExceptionTranslationFilter, AuthorizationFilter
2025-10-15T21:28:03.548+07:00  INFO 77071 --- [331-backend] [           main] o.s.b.w.embedded.tomcat.TomcatWebServer  : Tomcat started on port 8080 (http) with context path '/'
2025-10-15T21:28:03.559+07:00  INFO 77071 --- [331-backend] [           main] c.e.d.Demo331BacnkendApplication         : Started Demo331BacnkendApplication in 3.432 seconds (process running for 3.68)
